info: Microsoft.Hosting.Lifetime[0]
      Application started. Press Ctrl+C to shut down.
info: Microsoft.Hosting.Lifetime[0]
      Hosting environment: Production
info: Microsoft.Hosting.Lifetime[0]
      Content root path: C:\Users\killo\Documents\AOG-Nexus\AgOpenGPS-Nexus
info: Aog.UI.Avalonia.Hosting.AvaloniaRunModeService[0]
      Avalonia run mode initialised to CompanionRemote.
info: Aog.UI.Avalonia.Settings.JsonConnectionSettingsStore[0]
      Connection settings file not found at C:\Users\killo\AppData\Roaming\AgOpenGPS\Nexus\connection-settings.json; using defaults.
warn: Aog.UI.Avalonia.Telemetry.CrashTelemetryService[0]
      Failed to read crash report C:\Users\killo\AppData\Roaming\AgOpenGPS\Nexus\crash-reports\pending\crash-20251018020626552Z-96ffc83108b84c91bbe99f3be0175c67.json.
      System.Text.Json.JsonException: The input does not contain any JSON tokens. Expected the input to start with a valid JSON token, when isFinalBlock is true. Path: $ | LineNumber: 0 | BytePositionInLine: 0.
       ---> System.Text.Json.JsonReaderException: The input does not contain any JSON tokens. Expected the input to start with a valid JSON token, when isFinalBlock is true. LineNumber: 0 | BytePositionInLine: 0.
         at System.Text.Json.ThrowHelper.ThrowJsonReaderException(Utf8JsonReader& json, ExceptionResource resource, Byte nextByte, ReadOnlySpan`1 bytes)
         at System.Text.Json.Utf8JsonReader.Read()
         at System.Text.Json.Serialization.JsonConverter`1.ReadCore(Utf8JsonReader& reader, JsonSerializerOptions options, ReadStack& state)
         --- End of inner exception stack trace ---
         at System.Text.Json.ThrowHelper.ReThrowWithPath(ReadStack& state, JsonReaderException ex)
         at System.Text.Json.Serialization.JsonConverter`1.ReadCore(Utf8JsonReader& reader, JsonSerializerOptions options, ReadStack& state)
         at System.Text.Json.Serialization.Metadata.JsonTypeInfo`1.ContinueDeserialize(ReadBufferState& bufferState, JsonReaderState& jsonReaderState, ReadStack& readStack)
         at System.Text.Json.Serialization.Metadata.JsonTypeInfo`1.Deserialize(Stream utf8Json)
         at Aog.UI.Avalonia.Telemetry.CrashTelemetryService.ReadSummary(String file) in C:\Users\killo\Documents\AOG-Nexus\AgOpenGPS-Nexus\Nexus SourceCode\src\Aog.UI.Avalonia\Telemetry\CrashTelemetryService.cs:line 232
         at Aog.UI.Avalonia.Telemetry.CrashTelemetryService.EnumeratePendingReports()+MoveNext() in C:\Users\killo\Documents\AOG-Nexus\AgOpenGPS-Nexus\Nexus SourceCode\src\Aog.UI.Avalonia\Telemetry\CrashTelemetryService.cs:line 215
